#-----------------------------------------------------------
# Vivado v2023.1 (64-bit)
# SW Build 3865809 on Sun May  7 15:05:29 MDT 2023
# IP Build 3864474 on Sun May  7 20:36:21 MDT 2023
# SharedData Build 3865790 on Sun May 07 13:33:03 MDT 2023
# Start of session at: Wed Jan  3 19:25:34 2024
# Process ID: 18288
# Current directory: C:/Users/ebura/Clock_Generator_MMCME2
# Command line: vivado.exe -gui_launcher_event rodinguilauncherevent5836 C:\Users\ebura\Clock_Generator_MMCME2\Clock_Generator_MMCME2.xpr
# Log file: C:/Users/ebura/Clock_Generator_MMCME2/vivado.log
# Journal file: C:/Users/ebura/Clock_Generator_MMCME2\vivado.jou
# Running On: DESKTOP-FRFTFOU, OS: Windows, CPU Frequency: 3800 MHz, CPU Physical cores: 8, Host memory: 17088 MB
#-----------------------------------------------------------
start_gui
open_project C:/Users/ebura/Clock_Generator_MMCME2/Clock_Generator_MMCME2.xpr
update_compile_order -fileset sources_1
launch_simulation
open_wave_config C:/Users/ebura/Clock_Generator_MMCME2/main_tb_sim.wcfg
source main_tb.tcl
close_sim
